<html>
<body>
<pre>
<h1>µVision Build Log</h1>
<h2>Tool Versions:</h2>
IDE-Version: ¦ÌVision V5.40.0.0
Copyright (C) 2024 ARM Ltd and ARM Germany GmbH. All rights reserved.
License Information: dfasd 8615622157654, sdfasd, LIC=KRMW3-AEGPP-74BS0-BVLBB-6PJ1G-EFZ70
 
Tool Versions:
Toolchain:       MDK-ARM Plus  Version: 5.40.0.3
Toolchain Path:  C:\Keil_v5\ARM\ARMCLANG\Bin
C Compiler:      ArmClang.exe V6.22
Assembler:       Armasm.exe V6.22
Linker/Locator:  ArmLink.exe V6.22
Library Manager: ArmAr.exe V6.22
Hex Converter:   FromElf.exe V6.22
CPU DLL:         SARMCM3.DLL V5.40.0.3
Dialog DLL:      DCM.DLL V1.17.5.0
Target DLL:      Segger\JL2CM3.dll V2.99.44.0
Dialog DLL:      TCM.DLL V1.56.4.0
 
<h2>Project:</h2>
E:\desktop\test_uart\uart\MDK-ARM\uart.uvprojx
Project File Date:  01/25/2025

<h2>Output:</h2>
*** Using Compiler 'V6.22', folder: 'C:\Keil_v5\ARM\ARMCLANG\Bin'
Build target 'uart'
../Core/Src/main.c(547): warning: passing 'char[18]' to parameter of type 'const uint8_t *' (aka 'const unsigned char *') converts between pointers to integer types where one is of the unique plain 'char' type and the other is not [-Wpointer-sign]
  547 |                 HAL_UART_Transmit(&huart1, "RUN Error_Handler", strlen("RUN Error_Handler"), 1000);
      |                                            ^~~~~~~~~~~~~~~~~~~
../Drivers/STM32F1xx_HAL_Driver/Inc\stm32f1xx_hal_uart.h(749): note: passing argument to parameter 'pData' here
  749 | HAL_StatusTypeDef HAL_UART_Transmit(UART_HandleTypeDef *huart, const uint8_t *pData, uint16_t Size, uint32_t Timeout);
      |                                                                               ^
../Core/Src/main.c(564): warning: passing 'uint8_t[100]' (aka 'unsigned char[100]') to parameter of type 'char *' converts between pointers to integer types where one is of the unique plain 'char' type and the other is not [-Wpointer-sign]
  564 |         sprintf(error_buffer, "Wrong parameters value: file %s on line %d\r\n", file, line);
      |                 ^~~~~~~~~~~~
C:\Keil_v5\ARM\ARMCLANG\bin\..\include\stdio.h(417): note: passing argument to parameter here
  417 | extern _ARMABI int sprintf(char * __restrict /*s*/, const char * __restrict /*format*/, ...) __attribute__((__nonnull__(1,2)));
      |                                                   ^
../Core/Src/main.c(565): warning: passing 'uint8_t[100]' (aka 'unsigned char[100]') to parameter of type 'const char *' converts between pointers to integer types where one is of the unique plain 'char' type and the other is not [-Wpointer-sign]
  565 |         HAL_UART_Transmit(&huart1, error_buffer, strlen(error_buffer), 1000);
      |                                                         ^~~~~~~~~~~~
C:\Keil_v5\ARM\ARMCLANG\bin\..\include\string.h(335): note: passing argument to parameter here
  335 | extern _ARMABI size_t strlen(const char * /*s*/) __attribute__((__nonnull__(1)));
      |                                                ^
3 warnings generated.
compiling main.c...
linking...
Program Size: Code=16974 RO-data=1186 RW-data=16 ZI-data=1640  
FromELF: creating hex file...
"uart\uart.axf" - 0 Error(s), 3 Warning(s).

<h2>Software Packages used:</h2>

Package Vendor: ARM
                https://www.keil.com/pack/ARM.CMSIS.6.1.0.pack
                ARM::CMSIS@6.1.0
                CMSIS (Common Microcontroller Software Interface Standard)
   * Component: CORE Version: 6.1.0

Package Vendor: Keil
                http://www.keil.com/pack/Keil.STM32F1xx_DFP.2.2.0.pack
                Keil::STM32F1xx_DFP@2.2.0
                STMicroelectronics STM32F1 Series Device Support, Drivers and Examples

<h2>Collection of Component include folders:</h2>
  ./RTE/_uart
  C:/Users/86156/AppData/Local/Arm/Packs/ARM/CMSIS/6.1.0/CMSIS/Core/Include
  C:/Users/86156/AppData/Local/Arm/Packs/Keil/STM32F1xx_DFP/2.2.0/Device/Include

<h2>Collection of Component Files used:</h2>

   * Component: ARM::CMSIS:CORE@6.1.0
Build Time Elapsed:  00:00:03
</pre>
</body>
</html>
